{
    "plink2_score": {
        "content": [
            {
                "0": [
                    [
                        {
                            "id": "test",
                            "single_end": false
                        },
                        "test.sscore:md5,f8d2d19abe47bc49661fe7d845620eec"
                    ]
                ],
                "1": [
                    "versions.yml:md5,c1c911a9b5cc9dbf58afdc3f5d07e833"
                ],
                "score": [
                    [
                        {
                            "id": "test",
                            "single_end": false
                        },
                        "test.sscore:md5,f8d2d19abe47bc49661fe7d845620eec"
                    ]
                ],
                "versions": [
                    "versions.yml:md5,c1c911a9b5cc9dbf58afdc3f5d07e833"
                ]
            }
        ],
        "meta": {
            "nf-test": "0.9.3",
            "nextflow": "25.10.4"
        },
        "timestamp": "2026-07-20T16:39:19.283837"
    },
    "versions": {
        "content": [
            [
                "versions.yml:md5,c1c911a9b5cc9dbf58afdc3f5d07e833"
            ]
        ],
        "meta": {
            "nf-test": "0.9.3",
            "nextflow": "25.10.4"
        },
        "timestamp": "2026-07-20T16:39:19.261177"
    }
}